MPLINK 5.09, LINKER
Linker Map File - Created Tue May 31 14:45:44 2022

                                 Section Info
                  Section       Type    Address   Location Size(Bytes)
                ---------  ---------  ---------  ---------  ---------
                   .org_0       code   0x000000    program   0x000002
                   .cinit    romdata   0x000001    program   0x000004
                   .org_1       code   0x000004    program   0x000212
.config_2007_BUILD/DEFAULT/PRODUCTION/TRABAJO       code   0x002007    program   0x000002



                              Program Memory Usage 
                               Start         End      
                           ---------   ---------      
                            0x000000    0x000002      
                            0x000004    0x00010c      
                            0x002007    0x002007      
            269 out of 8455 program addresses used, program memory utilization is 3%



                              Symbols - Sorted by Name
                     Name    Address   Location    Storage File                     
                ---------  ---------  ---------  --------- ---------                
                    CHECK   0x000100    program     static /home/francabrera/Desktop/TP_Final_ElectronicaDigitalII/TRABAJOFINAL.X/TRABAJOFINAL.asm
                 DEBOUNCE   0x0000c1    program     static /home/francabrera/Desktop/TP_Final_ElectronicaDigitalII/TRABAJOFINAL.X/TRABAJOFINAL.asm
                    DECOD   0x0000d6    program     static /home/francabrera/Desktop/TP_Final_ElectronicaDigitalII/TRABAJOFINAL.X/TRABAJOFINAL.asm
                     INTO   0x000034    program     static /home/francabrera/Desktop/TP_Final_ElectronicaDigitalII/TRABAJOFINAL.X/TRABAJOFINAL.asm
                     KEYB   0x0000a4    program     static /home/francabrera/Desktop/TP_Final_ElectronicaDigitalII/TRABAJOFINAL.X/TRABAJOFINAL.asm
                     LOOP   0x0000cd    program     static /home/francabrera/Desktop/TP_Final_ElectronicaDigitalII/TRABAJOFINAL.X/TRABAJOFINAL.asm
                    LOOP1   0x0000ca    program     static /home/francabrera/Desktop/TP_Final_ElectronicaDigitalII/TRABAJOFINAL.X/TRABAJOFINAL.asm
                     MAIN   0x00006a    program     static /home/francabrera/Desktop/TP_Final_ElectronicaDigitalII/TRABAJOFINAL.X/TRABAJOFINAL.asm
                     NEXT   0x0000a1    program     static /home/francabrera/Desktop/TP_Final_ElectronicaDigitalII/TRABAJOFINAL.X/TRABAJOFINAL.asm
                    NEXT2   0x000021    program     static /home/francabrera/Desktop/TP_Final_ElectronicaDigitalII/TRABAJOFINAL.X/TRABAJOFINAL.asm
                    ORDER   0x0000e8    program     static /home/francabrera/Desktop/TP_Final_ElectronicaDigitalII/TRABAJOFINAL.X/TRABAJOFINAL.asm
                      RET   0x0000d0    program     static /home/francabrera/Desktop/TP_Final_ElectronicaDigitalII/TRABAJOFINAL.X/TRABAJOFINAL.asm
                     RKEY   0x0000f9    program     static /home/francabrera/Desktop/TP_Final_ElectronicaDigitalII/TRABAJOFINAL.X/TRABAJOFINAL.asm
                     SAVE   0x0000b7    program     static /home/francabrera/Desktop/TP_Final_ElectronicaDigitalII/TRABAJOFINAL.X/TRABAJOFINAL.asm
                    SAVE0   0x000020    program     static /home/francabrera/Desktop/TP_Final_ElectronicaDigitalII/TRABAJOFINAL.X/TRABAJOFINAL.asm
                    SAVE1   0x00001e    program     static /home/francabrera/Desktop/TP_Final_ElectronicaDigitalII/TRABAJOFINAL.X/TRABAJOFINAL.asm
                    SAVE2   0x00001c    program     static /home/francabrera/Desktop/TP_Final_ElectronicaDigitalII/TRABAJOFINAL.X/TRABAJOFINAL.asm
                    SAVE3   0x00001a    program     static /home/francabrera/Desktop/TP_Final_ElectronicaDigitalII/TRABAJOFINAL.X/TRABAJOFINAL.asm
             _.org_1_003C   0x00003c    program     static /home/francabrera/Desktop/TP_Final_ElectronicaDigitalII/TRABAJOFINAL.X/TRABAJOFINAL.asm
             _.org_1_0044   0x000044    program     static /home/francabrera/Desktop/TP_Final_ElectronicaDigitalII/TRABAJOFINAL.X/TRABAJOFINAL.asm
             _.org_1_004C   0x00004c    program     static /home/francabrera/Desktop/TP_Final_ElectronicaDigitalII/TRABAJOFINAL.X/TRABAJOFINAL.asm
             _.org_1_0054   0x000054    program     static /home/francabrera/Desktop/TP_Final_ElectronicaDigitalII/TRABAJOFINAL.X/TRABAJOFINAL.asm



                              Symbols - Sorted by Address
                     Name    Address   Location    Storage File                     
                ---------  ---------  ---------  --------- ---------                
                    SAVE3   0x00001a    program     static /home/francabrera/Desktop/TP_Final_ElectronicaDigitalII/TRABAJOFINAL.X/TRABAJOFINAL.asm
                    SAVE2   0x00001c    program     static /home/francabrera/Desktop/TP_Final_ElectronicaDigitalII/TRABAJOFINAL.X/TRABAJOFINAL.asm
                    SAVE1   0x00001e    program     static /home/francabrera/Desktop/TP_Final_ElectronicaDigitalII/TRABAJOFINAL.X/TRABAJOFINAL.asm
                    SAVE0   0x000020    program     static /home/francabrera/Desktop/TP_Final_ElectronicaDigitalII/TRABAJOFINAL.X/TRABAJOFINAL.asm
                    NEXT2   0x000021    program     static /home/francabrera/Desktop/TP_Final_ElectronicaDigitalII/TRABAJOFINAL.X/TRABAJOFINAL.asm
                     INTO   0x000034    program     static /home/francabrera/Desktop/TP_Final_ElectronicaDigitalII/TRABAJOFINAL.X/TRABAJOFINAL.asm
             _.org_1_003C   0x00003c    program     static /home/francabrera/Desktop/TP_Final_ElectronicaDigitalII/TRABAJOFINAL.X/TRABAJOFINAL.asm
             _.org_1_0044   0x000044    program     static /home/francabrera/Desktop/TP_Final_ElectronicaDigitalII/TRABAJOFINAL.X/TRABAJOFINAL.asm
             _.org_1_004C   0x00004c    program     static /home/francabrera/Desktop/TP_Final_ElectronicaDigitalII/TRABAJOFINAL.X/TRABAJOFINAL.asm
             _.org_1_0054   0x000054    program     static /home/francabrera/Desktop/TP_Final_ElectronicaDigitalII/TRABAJOFINAL.X/TRABAJOFINAL.asm
                     MAIN   0x00006a    program     static /home/francabrera/Desktop/TP_Final_ElectronicaDigitalII/TRABAJOFINAL.X/TRABAJOFINAL.asm
                     NEXT   0x0000a1    program     static /home/francabrera/Desktop/TP_Final_ElectronicaDigitalII/TRABAJOFINAL.X/TRABAJOFINAL.asm
                     KEYB   0x0000a4    program     static /home/francabrera/Desktop/TP_Final_ElectronicaDigitalII/TRABAJOFINAL.X/TRABAJOFINAL.asm
                     SAVE   0x0000b7    program     static /home/francabrera/Desktop/TP_Final_ElectronicaDigitalII/TRABAJOFINAL.X/TRABAJOFINAL.asm
                 DEBOUNCE   0x0000c1    program     static /home/francabrera/Desktop/TP_Final_ElectronicaDigitalII/TRABAJOFINAL.X/TRABAJOFINAL.asm
                    LOOP1   0x0000ca    program     static /home/francabrera/Desktop/TP_Final_ElectronicaDigitalII/TRABAJOFINAL.X/TRABAJOFINAL.asm
                     LOOP   0x0000cd    program     static /home/francabrera/Desktop/TP_Final_ElectronicaDigitalII/TRABAJOFINAL.X/TRABAJOFINAL.asm
                      RET   0x0000d0    program     static /home/francabrera/Desktop/TP_Final_ElectronicaDigitalII/TRABAJOFINAL.X/TRABAJOFINAL.asm
                    DECOD   0x0000d6    program     static /home/francabrera/Desktop/TP_Final_ElectronicaDigitalII/TRABAJOFINAL.X/TRABAJOFINAL.asm
                    ORDER   0x0000e8    program     static /home/francabrera/Desktop/TP_Final_ElectronicaDigitalII/TRABAJOFINAL.X/TRABAJOFINAL.asm
                     RKEY   0x0000f9    program     static /home/francabrera/Desktop/TP_Final_ElectronicaDigitalII/TRABAJOFINAL.X/TRABAJOFINAL.asm
                    CHECK   0x000100    program     static /home/francabrera/Desktop/TP_Final_ElectronicaDigitalII/TRABAJOFINAL.X/TRABAJOFINAL.asm


